
> terminalblog@0.0.1 build
> astro build && npx pagefind --site dist && node -e "const fs=require('fs');fs.mkdirSync('.vercel/output/static',{recursive:true});fs.cpSync('dist/pagefind','.vercel/output/static/pagefind',{recursive:true})"

[2m07:47:58[22m [34m[build][39m Waiting for integration [1m"astro-related-content"[22m, hook [1m"astro:config:setup"[22m...
[2m07:48:01[22m [34m[astro-related-content][39m Generated related content for 569 items: embedded 0, reused 569.
[2m07:48:02[22m [34m[content][39m Syncing content
[2m07:48:03[22m [34m[content][39m Synced content
[2m07:48:03[22m [34m[types][39m Generated [2m1.46s[22m
[2m07:48:03[22m [34m[build][39m output: [34m"static"[39m
[2m07:48:03[22m [34m[build][39m mode: [34m"server"[39m
[2m07:48:03[22m [34m[build][39m directory: [34mC:\Users\muzai\terminalblog\dist\[39m
[2m07:48:03[22m [34m[build][39m adapter: [32m@astrojs/vercel[39m
[2m07:48:03[22m [34m[build][39m Collecting build info...
[2m07:48:03[22m [34m[build][39m [32m✓ Completed in 7.45s.[39m
[2m07:48:03[22m [34m[build][39m Building server entrypoints...
[2m07:48:09[22m [34m[assets][39m Copying fonts (2 files)...
[31m[1m07:48:09[22m [ERROR] [vite][39m [31m✗[39m Build failed in 6.74s
268:33: Unexpected character after `<`, expected a valid JSX tag (note: to create a link in MDX, use `[text](url)`) (mdx-jsx:unexpected-character)
  [1mStack trace:[22m
[2m    at TransformPluginContextImpl.handler (file:///C:/Users/muzai/terminalblog/node_modules/@astrojs/mdx/dist/vite-plugin-mdx.js:57:17)
    at async plugin.<computed> (file:///C:/Users/muzai/terminalblog/node_modules/rolldown/dist/shared/bindingify-input-options-BsDhfYrS.mjs:1961:12)
    at TransformPluginContextImpl.handler (file:///C:/Users/muzai/terminalblog/node_modules/@astrojs/mdx/dist/vite-plugin-mdx.js:57:17)
    at async plugin.<computed> (file:///C:/Users/muzai/terminalblog/node_modules/rolldown/dist/shared/bindingify-input-options-BsDhfYrS.mjs:1961:12)
    at unwrapBindingResult (file:///C:/Users/muzai/terminalblog/node_modules/rolldown/dist/shared/error-BlQ0-ek7.mjs:18:128)
    at async buildEnvironment (file:///C:/Users/muzai/terminalblog/node_modules/vite/dist/node/chunks/node.js:32622:66)
    at async Object.buildApp (file:///C:/Users/muzai/terminalblog/node_modules/astro/dist/core/build/static-build.js:153:31)
    at async buildEnvironments (file:///C:/Users/muzai/terminalblog/node_modules/astro/dist/core/build/static-build.js:196:3)
    at async AstroBuilder.build (file:///C:/Users/muzai/terminalblog/node_modules/astro/dist/core/build/index.js:155:5)[22m
